Jasper Apps 2024.06p002 64 bits 2024.09.02 16:28:38 UTC

Any disclosure about the Cadence Design Systems software or its use
model to any third party violates the written Non-Disclosure Agreement
between Cadence Design Systems, Inc. and the customer.

THIS SOFTWARE CONTAINS CONFIDENTIAL INFORMATION AND TRADE SECRETS OF
CADENCE DESIGN SYSTEMS, INC. USE, DISCLOSURE, OR REPRODUCTION IS
PROHIBITED WITHOUT THE PRIOR EXPRESS WRITTEN PERMISSION OF CADENCE
DESIGN SYSTEMS, INC.

Copyright (C) 2000-2024 Cadence Design Systems, Inc. All Rights
Reserved.  Unpublished -- rights reserved under the copyright laws of
the United States.

This product includes software developed by others and redistributed
according to license agreement. See doc/third_party_readme.txt for
further details.

RESTRICTED RIGHTS LEGEND

Use, duplication, or disclosure by the Government is subject to
restrictions as set forth in subparagraph (c) (1) (ii) of the Rights in
Technical Data and Computer Software clause at DFARS 252.227-7013 or
subparagraphs (c) (1) and (2) of Commercial Computer Software -- Restricted
Rights at 48 CFR 52.227-19, as applicable.


                          Cadence Design Systems, Inc.
                          2655 Seely Avenue
                          San Jose, CA 95134
                          Phone: 408.943.1234

For technical assistance visit http://support.cadence.com.

Jasper Apps Analysis Session - /home/sharjeel/sharjeelphd/Research/riscv-microarchitecture-lab/formal/sessions/single_cycle/sessionLogs/session_0

WARNING (WG017): [session]: The system's locale is "ISO-8859-15", which is not UTF-8. Non-ASCII characters might not be handled correctly.
WARNING (WG017): [jg_console]: The system's locale is "ISO-8859-15", which is not UTF-8. Non-ASCII characters might not be handled correctly.
INFO: successfully checked out license "jasper_fao".
INFO: reading configuration file "/home/sharjeel/.config/cadence/jasper.conf".
% # =============================================================================
% # formal/prove_single_cycle.tcl
% # JasperGold formal verification script for single_cycle_top RV32I
% #
% # Usage (on TalTech HPC after loading Cadence environment):
% #   cad && 1.3
% #   cd <repo_root>
% #   jg -proj formal/sessions/single_cycle -batch formal/prove_single_cycle.tcl
% #
% # The -proj flag stores all JasperGold session data (proof databases, waveforms,
% # counterexample traces) in formal/sessions/single_cycle/.
% # For the pipeline design (Phase 2), use:
% #   jg -proj formal/sessions/pipeline -batch formal/prove_pipeline.tcl
% #
% # What this script does:
% #   1. Analyzes all RTL files and all assertion files (which include bind)
% #   2. Elaborates single_cycle_top as the top module
% #   3. Declares clock and reset
% #   4. Proves all assert properties exhaustively
% #   5. Checks all cover properties are reachable
% # =============================================================================
% 
% clear -all
INFO (IPF121): Cleared environment completely for new design analysis.
% 
% # =============================================================================
% # STEP 1: ANALYZE
% # Load all SystemVerilog files. Assertion files include bind statements so
% # they are analyzed alongside the RTL -- no separate bind file pass needed.
% # =============================================================================
% 
% analyze -sv12 \
    rtl/common/alu.sv \
    rtl/common/alu_ctrl.sv \
    rtl/common/regfile.sv \
    rtl/common/pc.sv \
    rtl/common/immgen.sv \
    rtl/common/data_memory.sv \
    rtl/common/inst_memory.sv \
    rtl/single_cycle/single_cycle_top.sv
[-- (VERI-1482)] Analyzing Verilog file '/eda/cadence/2024-25/RHELx86/JASPER_2024.06.002/lib/verilog/packages/std/std.sv' into library 'std'
[-- (VERI-1482)] Analyzing Verilog file 'rtl/common/alu.sv'
[-- (VERI-1482)] Analyzing Verilog file 'rtl/common/alu_ctrl.sv'
[-- (VERI-1482)] Analyzing Verilog file 'rtl/common/regfile.sv'
[-- (VERI-1482)] Analyzing Verilog file 'rtl/common/pc.sv'
[-- (VERI-1482)] Analyzing Verilog file 'rtl/common/immgen.sv'
[-- (VERI-1482)] Analyzing Verilog file 'rtl/common/data_memory.sv'
[-- (VERI-1482)] Analyzing Verilog file 'rtl/common/inst_memory.sv'
[-- (VERI-1482)] Analyzing Verilog file 'rtl/single_cycle/single_cycle_top.sv'
% 
% analyze -sv12 \
    rtl/assertions/alu_assertions.sv \
    rtl/assertions/alu_ctrl_assertions.sv \
    rtl/assertions/regfile_assertions.sv \
    rtl/assertions/pc_assertions.sv \
    rtl/assertions/immgen_assertions.sv \
    rtl/assertions/dmem_assertions.sv \
    rtl/assertions/top_assertions.sv
[-- (VERI-1482)] Analyzing Verilog file 'rtl/assertions/alu_assertions.sv'
[-- (VERI-1482)] Analyzing Verilog file 'rtl/assertions/alu_ctrl_assertions.sv'
[-- (VERI-1482)] Analyzing Verilog file 'rtl/assertions/regfile_assertions.sv'
[-- (VERI-1482)] Analyzing Verilog file 'rtl/assertions/pc_assertions.sv'
[-- (VERI-1482)] Analyzing Verilog file 'rtl/assertions/immgen_assertions.sv'
[-- (VERI-1482)] Analyzing Verilog file 'rtl/assertions/dmem_assertions.sv'
[-- (VERI-1482)] Analyzing Verilog file 'rtl/assertions/top_assertions.sv'
% 
% # =============================================================================
% # STEP 2: ELABORATE
% # -bbox_a 8192: prevents auto-black-boxing of memory arrays (VERI-9033).
% # Without this, inst_memory and data_memory are black-boxed and
% # write-then-read properties become unprovable.
% # =============================================================================
% 
% elaborate -top single_cycle_top -bbox_a 8192
INFO (ISW003): Top module name is "single_cycle_top".
[INFO (HIER-8002)] rtl/single_cycle/single_cycle_top.sv(136): Disabling old hierarchical reference handler
[INFO (VERI-1018)] rtl/assertions/pc_assertions.sv(31): compiling module 'pc_assertions'
[INFO (VERI-1018)] rtl/common/pc.sv(34): compiling module 'program_counter'
[INFO (VERI-1018)] rtl/common/inst_memory.sv(35): compiling module 'inst_memory:(INIT_FILE="/home/sharjeel/sharjeelphd/Research/riscv-microarchitecture-lab/rtl/common/programs/prog1.hex")'
[WARN (VERI-1060)] rtl/common/inst_memory.sv(51): 'initial' construct is ignored
[WARN (VDB-1002)] rtl/common/inst_memory.sv(42): net 'mem[0][31]' does not have a driver
[INFO (VERI-1018)] rtl/assertions/immgen_assertions.sv(43): compiling module 'immgen_assertions'
[INFO (VERI-1018)] rtl/common/immgen.sv(35): compiling module 'immgen'
[INFO (VERI-1018)] rtl/assertions/regfile_assertions.sv(56): compiling module 'regfile_assertions'
[INFO (VERI-1018)] rtl/common/regfile.sv(35): compiling module 'regfile'
[WARN (VERI-1060)] rtl/common/regfile.sv(56): 'initial' construct is ignored
[INFO (VERI-1018)] rtl/assertions/alu_ctrl_assertions.sv(41): compiling module 'alu_ctrl_assertions'
[INFO (VERI-1018)] rtl/common/alu_ctrl.sv(36): compiling module 'alu_ctrl'
[INFO (VERI-1018)] rtl/assertions/alu_assertions.sv(33): compiling module 'alu_assertions'
[INFO (VERI-1018)] rtl/common/alu.sv(35): compiling module 'alu'
[INFO (VERI-1018)] rtl/assertions/dmem_assertions.sv(31): compiling module 'dmem_assertions'
[INFO (VERI-1018)] rtl/common/data_memory.sv(35): compiling module 'data_memory'
[WARN (VERI-1060)] rtl/common/data_memory.sv(49): 'initial' construct is ignored
[INFO (VERI-1018)] rtl/assertions/top_assertions.sv(38): compiling module 'top_assertions'
[INFO (VERI-1018)] rtl/single_cycle/single_cycle_top.sv(35): compiling module 'single_cycle_top'
INFO (INL208): Elaboration synthesis summary:
  Number of synthesized netlists          16 (1 packages)
  Single run mode                         On
  Pipeline                                On (15 pipelined netlists)
  Late hierarchical reference connection  On
  Number of analyzed Verilog modules      16 (16 synthesized)
  Number of analyzed VHDL entities        0 (0 synthesized)
INFO (INL003): Clearing all state information (assumes, stopats, and so forth).
single_cycle_top
[<embedded>] % 
[<embedded>] % # =============================================================================
[<embedded>] % # STEP 3: CLOCK AND RESET
[<embedded>] % # =============================================================================
[<embedded>] % 
[<embedded>] % clock clk
[<embedded>] % reset -expression {!rst_n}
INFO (IPM031): Clearing proof results of all properties.
INFO (IRS006): Current reset condition is "rst_n".
[<embedded>] % 
[<embedded>] % # =============================================================================
[<embedded>] % # STEP 4: PROVE
[<embedded>] % # prove -all runs synchronously and blocks until all proofs complete.
[<embedded>] % # JasperGold prints the full SUMMARY table automatically on exit.
[<embedded>] % # Session data (CEX waveforms, proof databases) is written to the
[<embedded>] % # -proj directory: formal/sessions/single_cycle/
[<embedded>] % # =============================================================================
[<embedded>] % 
[<embedded>] % set_prove_time_limit 3600s
[<embedded>] % prove -all
Ncustom1: Custom engine code is hT3Ng7hPPfiYQOTDZ3qhYOwGAM51eA+J/FjkM5shLioAsqhgLR4Ft+O1BuKG6ilQ83B9tLXSl+CwjiTMAQA
Bcustom2: Custom engine code is hT3Nm7hPr1Vp3Di1Ra2USNIGL4JypRnLKLAdF6JAyuavO2JfGCiY9OZJhcAcOUnLx5xwNdhILGrAWX9s+z2WDkKwNR7tAfClBEjRFVQeq6DU54boFgEA
AMcustom3: Custom engine code is hT3Ng7hP/feYQOTDZ3qhYOwGAM51eA+J/FjkM5shLioAsqhgLR4Ft+O1BuKG6ilQ83B9tLXSmmqwm7g9AQA
Mpcustom4: Custom engine code is hT3NZbhP9fmY2AbBQnsjfOxn6c+6e6yL+/e8fZFmaQrnlgEA
INFO (IPF036): Starting proof on task: "<embedded>", 140 properties to prove with 0 already proven/unreachable
INFO (IRS029): Starting reset analysis: phase 1 of 4.
INFO (IRS030): Running reset analysis: phase 2 of 4.
INFO (IRS031): Running reset analysis: phase 3 of 4.
INFO (IRS020): Starting the reset analysis simulation with a limit of 100 iterations (phase 4 of 4).
INFO (IRS024): Reset iterations 0 to 4 analyzed.
INFO (IRS018): Reset analysis simulation executed for 3 iterations. Assigned values for 1056 of 9248 design flops, 0 of 0 design latches, 467 of 573 internal elements.
INFO (IRS039): Reset analysis complete.
INFO (IPL017): The host machine is running out of memory.
    This message was triggered because the system reached 10% memory.
    System memory use information:
    [Process]
        Memory In Use: 395900 kB (0%)
        Peak Memory Usage: 395900 kB (0%)
    [Host]
        Available Memory: 58519836 kB (7%)
        Total Memory: 791753976 kB
        Free Swap: 1752912376 kB (99%)
        Total Swap: 1759708132 kB
INFO (IPF031): Settings used for proof thread 0:
    orchestration                 = on
    time_limit                    = 3600s
    per_property_time_limit       = 1s * 10 ^ scan
    engine_mode                   = auto
    proofgrid_per_engine_max_jobs = 1
    max engine jobs               = auto
    proofgrid_mode                = local
    proofgrid_restarts            = 10
0.0.PRE: A proof was found: No trace exists. [0.00 s]
INFO (IPF051): 0.0.PRE: The cover property "single_cycle_top.pc_i.u_pc_assert._assert_1:precondition1" was proven unreachable in 0.00 s.
0.0.PRE: A proof was found: No trace exists. [0.00 s]
INFO (IPF057): 0.0.PRE: The property "single_cycle_top.imm_i_u.u_immgen_assert.a_immgen_I_SIGN_EXT" was proven in 0.00 s.
0.0.PRE: A proof was found: No trace exists. [0.00 s]
INFO (IPF057): 0.0.PRE: The property "single_cycle_top.imm_i_u.u_immgen_assert.a_immgen_I_PAYLOAD" was proven in 0.00 s.
0.0.PRE: A proof was found: No trace exists. [0.00 s]
INFO (IPF057): 0.0.PRE: The property "single_cycle_top.imm_i_u.u_immgen_assert.a_immgen_S_SIGN_EXT" was proven in 0.00 s.
0.0.PRE: A proof was found: No trace exists. [0.00 s]
INFO (IPF057): 0.0.PRE: The property "single_cycle_top.imm_i_u.u_immgen_assert.a_immgen_S_UPPER" was proven in 0.00 s.
0.0.PRE: A proof was found: No trace exists. [0.00 s]
INFO (IPF057): 0.0.PRE: The property "single_cycle_top.imm_i_u.u_immgen_assert.a_immgen_S_LOWER" was proven in 0.00 s.
0.0.PRE: A proof was found: No trace exists. [0.00 s]
INFO (IPF057): 0.0.PRE: The property "single_cycle_top.imm_i_u.u_immgen_assert.a_immgen_B_LSB_ZERO" was proven in 0.00 s.
0.0.PRE: A proof was found: No trace exists. [0.00 s]
INFO (IPF057): 0.0.PRE: The property "single_cycle_top.imm_i_u.u_immgen_assert.a_immgen_B_SIGN_EXT" was proven in 0.00 s.
0.0.PRE: A proof was found: No trace exists. [0.00 s]
INFO (IPF057): 0.0.PRE: The property "single_cycle_top.imm_i_u.u_immgen_assert.a_immgen_B_BIT12" was proven in 0.00 s.
0.0.PRE: A proof was found: No trace exists. [0.00 s]
INFO (IPF057): 0.0.PRE: The property "single_cycle_top.imm_i_u.u_immgen_assert.a_immgen_B_BIT11" was proven in 0.00 s.
0.0.PRE: A proof was found: No trace exists. [0.00 s]
INFO (IPF057): 0.0.PRE: The property "single_cycle_top.imm_i_u.u_immgen_assert.a_immgen_B_BITS10_5" was proven in 0.00 s.
0.0.PRE: A proof was found: No trace exists. [0.00 s]
INFO (IPF057): 0.0.PRE: The property "single_cycle_top.imm_i_u.u_immgen_assert.a_immgen_B_BITS4_1" was proven in 0.00 s.
0.0.PRE: A proof was found: No trace exists. [0.00 s]
INFO (IPF057): 0.0.PRE: The property "single_cycle_top.imm_i_u.u_immgen_assert.a_immgen_U_LOWER_ZERO" was proven in 0.00 s.
AMcustom5: Custom engine code is hT3N1rhP11/52HrFRS21ROp2LOjVTgPvT8L8BGXHgLhaIuqtT4nARFjUqrBL+7pLmaTOzBepZW/Jm8SSrHDybSQtoNiO3y43wk+dEoWlsZizu97Fih6O6lPVG/LpWP5SsUPwlGagLNa1FKEFvwVXyX7//8prySbvSxIHXr5er+z4RAEA
Ncustom6: Custom engine code is hT3OXrhPByJp3TrFSTLhUmMH4KVtJgmTCnNDF46yMXOKY48m4LS5nE7yBzFjA7kDuwO/GhGUpEPiky3p3wmPn3dJZHxFMsafSoObRzSC+tn7sEY0WbTdZ/FV4hL3MYH/b1CIUvXSWR4wqEoVLsmMOD4xIPT4lI1LO6ZCO7PnnWQuLwetnvKlrXx6wCW/A+x+enqslg1YPobi4wEF/EvbzOvcTYdJvl2s4H2yZg2b2ofAVN5WvhWk1HoBAA
ADcustom7: Custom engine code is hT3Nv7hPv1752HrFRa2kROx2f/ECJeZB2AZsLdlO8VwmIuqtT4nIDFXclhg+O+o+DMmQCekbheGk0kK28laA9gaOFDXsQp29J3X615HY1IPHJWd6FUFvCHjO+p1k652b5JJvZlShNpGlGSXAiQe/mEAj6tEBAA
0.0.PRE: A proof was found: No trace exists. [0.00 s]
Tricustom8: Custom engine code is hT3Nu7hPt1752DvFRa0kNDiyIV97VyejwM9C/jCLJjdPvusZONHY42VYUy0Q1ZotnhcVtNc56tJ5wbxv6V2+XpdsaSlHck5vfnbYjdwj1OECy9U+7oSQ0SZE3g5ayD+Phuh4odCJTjeKa2k4elM9ldQfkAEA
INFO (IPF057): 0.0.PRE: The property "single_cycle_top.imm_i_u.u_immgen_assert.a_immgen_U_UPPER" was proven in 0.00 s.
Gcustom9: Custom engine code is hT3NibhPDfeYQADBZnYcglOvK9Pfd7EOeniIqP8jNsyIqInncipMGcUXqAadachREE9F2PwhBUZUNw5kHnd4JdXkamORRgEA
C2custom10: Custom engine code is hT3NirhPjfWYQADBZnYcglOvK9Pfd7EOeniIqP8jNsyIqInncgkrYMMXCYbdK0dUjZIF9d4cJ0rHoBDjwVLBKuG86XYVV00BAA
AGcustom11: Custom engine code is hT3NirhP/fmYQADBZnYcglOvK9Pfd7EOeniIqP8jNsyIqInnckcwYMMXCYbdK0dUjZIF9d4cJ0rHoBDjwVLBKuHEZnZByh0BAA
Bcustom12: Custom engine code is hT3NjrhPDfiYQADBZnYcglOvK9PfWxFtenjIyBqfrgr7if/jL/yPOuK1BAflEcW0DxNH2eDIoezN2gxlQFg81RZtiWXh7aiTAidvAQA
0.0.PRE: A proof was found: No trace exists. [0.00 s]
INFO (IPF057): 0.0.PRE: The property "single_cycle_top.imm_i_u.u_immgen_assert.a_immgen_J_LSB_ZERO" was proven in 0.00 s.
Ncustom13: Custom engine code is hT3NR7hPByFp3TrFSTLhUmMH4KWtJglTyV/c51BHEeZWamnJv767nE6PCak26bd3gf3XGN3rIRheufhDieCJQVISo+gNYUKhiUedBKGtsP/a18svAnlMJZudHxDFwK5ufsyoxsIyiAeSY2oi3tEuoDHr5gw42DFKAG3PqO3CEsl8Azzdt3pl5nGA1Ifv2H02eYsFzWb/nfp8PMb3F0krE/EgBcm8TD9Div8BAA
Tricustom14: Custom engine code is hT3Nu7hP3fiYQADBZnYcglNHp9bfd7EOeniIqP/ji8sGLQu8yhsFO+wxJ+O+R0bU8g/IewXFomyos+viQnWc2xYNYmMqpo3i40O7DaZR7qfp4YqNx26KRvQ/qx0BAA
0.0.PRE: A proof was found: No trace exists. [0.00 s]
INFO (IPF057): 0.0.PRE: The property "single_cycle_top.imm_i_u.u_immgen_assert.a_immgen_J_SIGN_EXT" was proven in 0.00 s.
0.0.PRE: A proof was found: No trace exists. [0.00 s]
INFO (IPF057): 0.0.PRE: The property "single_cycle_top.imm_i_u.u_immgen_assert.a_immgen_J_BIT20" was proven in 0.00 s.
0.0.PRE: A proof was found: No trace exists. [0.00 s]
INFO (IPF057): 0.0.PRE: The property "single_cycle_top.imm_i_u.u_immgen_assert.a_immgen_J_BITS19_12" was proven in 0.00 s.
0.0.PRE: A proof was found: No trace exists. [0.00 s]
INFO (IPF057): 0.0.PRE: The property "single_cycle_top.imm_i_u.u_immgen_assert.a_immgen_J_BIT11" was proven in 0.00 s.
0.0.PRE: A proof was found: No trace exists. [0.00 s]
INFO (IPF057): 0.0.PRE: The property "single_cycle_top.imm_i_u.u_immgen_assert.a_immgen_J_BITS10_1" was proven in 0.00 s.
0.0.PRE: A proof was found: No trace exists. [0.00 s]
INFO (IPF057): 0.0.PRE: The property "single_cycle_top.rf.u_regfile_assert._assert_6" was proven in 0.00 s.
0.0.PRE: A proof was found: No trace exists. [0.00 s]
INFO (IPF057): 0.0.PRE: The property "single_cycle_top.rf.u_regfile_assert._assert_7" was proven in 0.00 s.
0.0.PRE: A proof was found: No trace exists. [0.00 s]
INFO (IPF057): 0.0.PRE: The property "single_cycle_top.rf.u_regfile_assert._assert_14" was proven in 0.00 s.
0.0.PRE: A proof was found: No trace exists. [0.00 s]
INFO (IPF057): 0.0.PRE: The property "single_cycle_top.alu_i.u_alu_assert.a_alu_ZERO_FLAG" was proven in 0.00 s.
0.0.PRE: A proof was found: No trace exists. [0.00 s]
INFO (IPF057): 0.0.PRE: The property "single_cycle_top.u_top_assert._assert_5" was proven in 0.00 s.
0: Found proofs for 25 properties in preprocessing
0: Using multistage preprocessing
0: Starting reduce
0: Finished reduce in 0.061s
0.0.PRE: A proof was found: No trace exists. [0.00 s]
INFO (IPF057): 0.0.PRE: The property "single_cycle_top.pc_i.u_pc_assert._assert_1" was proven in 0.00 s.
0.0.PRE: A proof was found: No trace exists. [0.00 s]
INFO (IPF057): 0.0.PRE: The property "single_cycle_top.pc_i.u_pc_assert._assert_4" was proven in 0.00 s.
0.0.PRE: A proof was found: No trace exists. [0.00 s]
INFO (IPF057): 0.0.PRE: The property "single_cycle_top.pc_i.u_pc_assert._assert_5" was proven in 0.00 s.
0.0.PRE: A proof was found: No trace exists. [0.00 s]
INFO (IPF057): 0.0.PRE: The property "single_cycle_top.u_top_assert._assert_1" was proven in 0.00 s.
0: Found proofs for 4 properties in preprocessing
0.0.PRE: Performing Proof Simplification...
0.0.N: clocks: 1, declared: 1, looping: 0, posedge: 1, negedge: 0, noedge: 0, bothedge: 0
0.0.N: Proof Simplification Iteration 1	[0.00 s]
0.0.PRE: A trace with 2 cycles was found. [0.08 s]
INFO (IPF047): 0.0.PRE: The cover property "single_cycle_top.pc_i.u_pc_assert._assert_2:precondition1" was covered in 1 cycles in 0.00 s.
INFO (IPF047): 0.0.PRE: The cover property "single_cycle_top.pc_i.u_pc_assert._assert_3:precondition1" was covered in 1 cycles in 0.00 s.
INFO (IPF047): 0.0.PRE: The cover property "single_cycle_top.pc_i.u_pc_assert._cover_7" was covered in 1 cycles in 0.00 s.
INFO (IPF047): 0.0.PRE: The cover property "single_cycle_top.pc_i.u_pc_assert._cover_8" was covered in 2 cycles in 0.00 s.
INFO (IPF047): 0.0.PRE: The cover property "single_cycle_top.rf.u_regfile_assert._assert_5:precondition1" was covered in 1 cycles in 0.00 s.
INFO (IPF047): 0.0.PRE: The cover property "single_cycle_top.rf.u_regfile_assert._assert_8:precondition1" was covered in 1 cycles in 0.00 s.
INFO (IPF047): 0.0.PRE: The cover property "single_cycle_top.rf.u_regfile_assert._assert_9:precondition1" was covered in 1 cycles in 0.00 s.
INFO (IPF047): 0.0.PRE: The cover property "single_cycle_top.rf.u_regfile_assert._assert_12:precondition1" was covered in 1 cycles in 0.00 s.
INFO (IPF047): 0.0.PRE: The cover property "single_cycle_top.rf.u_regfile_assert._assert_13:precondition1" was covered in 1 cycles in 0.00 s.
INFO (IPF047): 0.0.PRE: The cover property "single_cycle_top.rf.u_regfile_assert._assert_14:precondition1" was covered in 1 cycles in 0.00 s.
INFO (IPF047): 0.0.PRE: The cover property "single_cycle_top.rf.u_regfile_assert._assert_15:precondition1" was covered in 1 cycles in 0.00 s.
INFO (IPF047): 0.0.PRE: The cover property "single_cycle_top.rf.u_regfile_assert._assert_16:precondition1" was covered in 1 cycles in 0.00 s.
INFO (IPF047): 0.0.PRE: The cover property "single_cycle_top.dmem.u_dmem_assert._assert_2:precondition1" was covered in 1 cycles in 0.00 s.
INFO (IPF047): 0.0.PRE: The cover property "single_cycle_top.u_top_assert._assert_2:precondition1" was covered in 1 cycles in 0.00 s.
INFO (IPF047): 0.0.PRE: The cover property "single_cycle_top.u_top_assert._assert_4:precondition1" was covered in 1 cycles in 0.00 s.
INFO (IPF047): 0.0.PRE: The cover property "single_cycle_top.u_top_assert._assert_7:precondition1" was covered in 1 cycles in 0.00 s.
0.0.PRE: A proof was found: No trace exists. [0.00 s]
INFO (IPF057): 0.0.PRE: The property "single_cycle_top.pc_i.u_pc_assert._assert_2" was proven in 0.00 s.
0.0.PRE: A proof was found: No trace exists. [0.00 s]
INFO (IPF057): 0.0.PRE: The property "single_cycle_top.pc_i.u_pc_assert._assert_3" was proven in 0.00 s.
0.0.PRE: A proof was found: No trace exists. [0.00 s]
INFO (IPF057): 0.0.PRE: The property "single_cycle_top.rf.u_regfile_assert._assert_5" was proven in 0.00 s.
0.0.PRE: A proof was found: No trace exists. [0.00 s]
INFO (IPF057): 0.0.PRE: The property "single_cycle_top.rf.u_regfile_assert._assert_15" was proven in 0.00 s.
0.0.PRE: A proof was found: No trace exists. [0.00 s]
INFO (IPF057): 0.0.PRE: The property "single_cycle_top.rf.u_regfile_assert._assert_16" was proven in 0.00 s.
0.0.PRE: A proof was found: No trace exists. [0.00 s]
INFO (IPF057): 0.0.PRE: The property "single_cycle_top.u_top_assert._assert_2" was proven in 0.00 s.
0.0.N: Proof Simplification Iteration 2	[0.15 s]
0.0.N: Proof Simplification Iteration 3	[0.18 s]
0.0.N: Proof Simplification Iteration 4	[0.21 s]
0.0.N: Proof Simplification Iteration 5	[0.24 s]
0.0.N: Proof Simplification Iteration 6	[0.27 s]
0.0.N: Proof Simplification Iteration 7	[0.29 s]
0.0.N: Proof Simplification Iteration 8	[0.32 s]
0.0.N: Proof Simplification Iteration 9	[0.35 s]
0.0.N: Proof Simplification Iteration 10	[0.38 s]
0.0.PRE: A proof was found: No trace exists. [0.00 s]
INFO (IPF057): 0.0.PRE: The property ":noDeadEnd" was proven in 0.00 s.
    Use check_assumptions -show -dead_end to show this property in the property table.
0.0.PRE: A proof was found: No trace exists. [0.00 s]
INFO (IPF057): 0.0.PRE: The property ":noConflict" was proven in 0.00 s.
    Use check_assumptions -show to show this property in the property table.
INFO (IPF047): 0.0.PRE: The cover property ":live" was covered in 1 cycles in 0.00 s.
    Use check_assumptions -show -live to show this property in the property table.
0.0.PRE: Proof Simplification completed in 0.48 s
0.0.N: Identified and disabled 28 duplicated targets.
0: About to start ProofGrid in its own thread with a limit of 10000 pending notifications and a limit of 10 traces.
0: =============================== ProofGrid start ===============================
0: ProofGrid usable level: 75
0: Initial ProofGrid level: 1
0: ProofGrid is starting event handling
0.0.N: Proofgrid shell started at 11171@ekleer.pld.ttu.ee(local) jg_11088_ekleer.pld.ttu.ee_1
0.0.Hp: Proofgrid shell started at 11172@ekleer.pld.ttu.ee(local) jg_11088_ekleer.pld.ttu.ee_1
0.0.N: clocks: 1, declared: 1, looping: 0, posedge: 1, negedge: 0, noedge: 0, bothedge: 0
0.0.Hp: clocks: 1, declared: 1, looping: 0, posedge: 1, negedge: 0, noedge: 0, bothedge: 0
0.0.N: Next scan (0) will use per property time limit: 1s * 10 ^ 0 = 1s
0.0.N: Starting proof for property "single_cycle_top.pc_i.u_pc_assert._cover_6"	[0.00 s].
0.0.N: Trace Attempt  1	[0.00 s]
0.0.N: A max_length bound was found. The shortest trace is no longer than 1073741824 cycles. [0.00 s]
INFO (IPF008): 0.0.N: A max_length bound of 1073741824 was found for the property "single_cycle_top.pc_i.u_pc_assert._cover_6" in 0.00 s.
0.0.N: Trace Attempt  2	[0.00 s]
0.0.N: Trace Attempt  2	[0.00 s]
0.0.Ht: Proofgrid shell started at 11210@ekleer.pld.ttu.ee(local) jg_11088_ekleer.pld.ttu.ee_1
0.0.N: A trace with 2 cycles was found. [0.01 s]
INFO (IPF047): 0.0.N: The cover property "single_cycle_top.pc_i.u_pc_assert._cover_6" was covered in 2 cycles in 0.04 s.
INFO (IPF047): 0.0.N: The cover property "single_cycle_top.rf.u_regfile_assert._assert_1:precondition1" was covered in 1 cycles in 0.04 s by the incidental trace "single_cycle_top.pc_i.u_pc_assert._cover_6".
INFO (IPF047): 0.0.N: The cover property "single_cycle_top.rf.u_regfile_assert._assert_2:precondition1" was covered in 1 cycles in 0.04 s by the incidental trace "single_cycle_top.pc_i.u_pc_assert._cover_6".
INFO (IPF047): 0.0.N: The cover property "single_cycle_top.rf.u_regfile_assert._cover_19" was covered in 1 cycles in 0.04 s by the incidental trace "single_cycle_top.pc_i.u_pc_assert._cover_6".
0.0.N: Stopped processing property "single_cycle_top.pc_i.u_pc_assert._cover_6"	[0.06 s].
0.0.N: Starting proof for property "single_cycle_top.pc_i.u_pc_assert._cover_9"	[0.00 s].
0.0.N: Trace Attempt  1	[0.00 s]
0.0.N: A max_length bound was found. The shortest trace is no longer than 1073741824 cycles. [0.00 s]
INFO (IPF008): 0.0.N: A max_length bound of 1073741824 was found for the property "single_cycle_top.pc_i.u_pc_assert._cover_9" in 0.00 s.
0.0.N: Trace Attempt  2	[0.00 s]
0.0.N: Trace Attempt  3	[0.00 s]
0.0.N: Trace Attempt  3	[0.00 s]
0.0.N: Trace Attempt  4	[0.00 s]
0.0.N: Trace Attempt  5	[0.00 s]
0.0.N: Trace Attempt  5	[0.01 s]
0.0.N: Trace Attempt  1	[0.01 s]
0.0.N: Trace Attempt  2	[0.01 s]
0.0.N: Trace Attempt  3	[0.01 s]
0.0.N: Trace Attempt  5	[0.01 s]
0.0.Oh: Proofgrid shell started at 11213@ekleer.pld.ttu.ee(local) jg_11088_ekleer.pld.ttu.ee_1
0.0.Ht: clocks: 1, declared: 1, looping: 0, posedge: 1, negedge: 0, noedge: 0, bothedge: 0
0.0.Bm: Proofgrid shell started at 11211@ekleer.pld.ttu.ee(local) jg_11088_ekleer.pld.ttu.ee_1
0.0.Oh: clocks: 1, declared: 1, looping: 0, posedge: 1, negedge: 0, noedge: 0, bothedge: 0
0.0.Mpcustom4: Proofgrid shell started at 11212@ekleer.pld.ttu.ee(local) jg_11088_ekleer.pld.ttu.ee_1
0.0.Bm: clocks: 1, declared: 1, looping: 0, posedge: 1, negedge: 0, noedge: 0, bothedge: 0
0.0.N: Trace Attempt 17	[0.02 s]
0.0.N: A trace with 17 cycles was found. [0.02 s]
INFO (IPF047): 0.0.N: The cover property "single_cycle_top.pc_i.u_pc_assert._cover_9" was covered in 17 cycles in 0.03 s.
0.0.L: Proofgrid shell started at 11214@ekleer.pld.ttu.ee(local) jg_11088_ekleer.pld.ttu.ee_1
0.0.B: Proofgrid shell started at 11216@ekleer.pld.ttu.ee(local) jg_11088_ekleer.pld.ttu.ee_1
0.0.AM: Proofgrid shell started at 11217@ekleer.pld.ttu.ee(local) jg_11088_ekleer.pld.ttu.ee_1
0.0.N: Stopped processing property "single_cycle_top.pc_i.u_pc_assert._cover_9"	[0.05 s].
0.0.N: Starting proof for property "single_cycle_top.rf.u_regfile_assert._assert_1"	[0.00 s].
0.0.N: Trace Attempt  1	[0.01 s]
0.0.N: Trace Attempt  2	[0.01 s]
0.0.N: Trace Attempt  3	[0.01 s]
0.0.N: A proof was found: No trace exists. [0.01 s]
INFO (IPF057): 0.0.N: The property "single_cycle_top.rf.u_regfile_assert._assert_1" was proven in 0.00 s.
0.0.N: Stopped processing property "single_cycle_top.rf.u_regfile_assert._assert_1"	[0.00 s].
0.0.N: Starting proof for property "single_cycle_top.rf.u_regfile_assert._assert_2"	[0.00 s].
0.0.L: clocks: 1, declared: 1, looping: 0, posedge: 1, negedge: 0, noedge: 0, bothedge: 0
0.0.B: clocks: 1, declared: 1, looping: 0, posedge: 1, negedge: 0, noedge: 0, bothedge: 0
0.0.AM: clocks: 1, declared: 1, looping: 0, posedge: 1, negedge: 0, noedge: 0, bothedge: 0
0.0.Mpcustom4: clocks: 1, declared: 1, looping: 0, posedge: 1, negedge: 0, noedge: 0, bothedge: 0
0.0.N: Trace Attempt  1	[0.01 s]
0.0.N: Trace Attempt  2	[0.01 s]
0.0.N: Trace Attempt  3	[0.01 s]
0.0.N: A proof was found: No trace exists. [0.01 s]
INFO (IPF057): 0.0.N: The property "single_cycle_top.rf.u_regfile_assert._assert_2" was proven in 0.00 s.
0.0.N: Stopped processing property "single_cycle_top.rf.u_regfile_assert._assert_2"	[0.00 s].
0.0.N: Starting proof for property "single_cycle_top.rf.u_regfile_assert._assert_3"	[0.00 s].
0.0.N: Trace Attempt  1	[0.01 s]
0.0.L: Using trace diversification with seed 1 (0.05)
0.0.L: Using LRU state removal heuristic
0.0.N: Trace Attempt  2	[0.01 s]
0.0.B: Next scan (0) will use per property time limit: 1s * 10 ^ 0 = 1s
0.0.B: Starting proof for property "single_cycle_top.rf.u_regfile_assert._assert_3"	[0.00 s].
0.0.L: Using states from traces to { (reset) }
0.0.AM: Next scan (0) will use per property time limit: 1s * 10 ^ 0 = 1s
0.0.AM: Starting proof for property "single_cycle_top.rf.u_regfile_assert._assert_3"	[0.00 s].
0.0.Bm: Trace Attempt  1	[0.09 s]
0.0.AM: Trace Attempt  1	[0.01 s]
0.0.Ht: Trace Attempt  1	[0.12 s]
0.0.Hp: A proof was found: No trace exists. [0.25 s]
INFO (IPF057): 0.0.Hp: The property "single_cycle_top.aluctrl.u_alu_ctrl_assert.a_aluctrl_R_ADD" was proven in 0.21 s.
0.0.AM: Trace Attempt  2	[0.03 s]
0.0.Hp: A proof was found: No trace exists. [0.25 s]
INFO (IPF057): 0.0.Hp: The property "single_cycle_top.aluctrl.u_alu_ctrl_assert.a_aluctrl_R_SUB" was proven in 0.21 s.
0.0.Hp: A proof was found: No trace exists. [0.25 s]
INFO (IPF057): 0.0.Hp: The property "single_cycle_top.aluctrl.u_alu_ctrl_assert.a_aluctrl_R_AND" was proven in 0.21 s.
0.0.N: Trace Attempt  2	[0.06 s]
0.0.Hp: A proof was found: No trace exists. [0.25 s]
INFO (IPF057): 0.0.Hp: The property "single_cycle_top.aluctrl.u_alu_ctrl_assert.a_aluctrl_R_OR" was proven in 0.21 s.
0.0.Hp: A proof was found: No trace exists. [0.25 s]
INFO (IPF057): 0.0.Hp: The property "single_cycle_top.aluctrl.u_alu_ctrl_assert.a_aluctrl_R_XOR" was proven in 0.21 s.
0.0.Ht: A trace with 1 cycles was found. [0.13 s]
INFO (IPF047): 0.0.Ht: The cover property "single_cycle_top.rf.u_regfile_assert._assert_3:precondition1" was covered in 1 cycles in 0.12 s.
INFO (IPF047): 0.0.Ht: The cover property "single_cycle_top.rf.u_regfile_assert._cover_20" was covered in 1 cycles in 0.12 s.
INFO (IPF047): 0.0.Ht: The cover property "single_cycle_top.u_top_assert._assert_8:precondition1" was covered in 1 cycles in 0.12 s.
INFO (IPF047): 0.0.Ht: The cover property "single_cycle_top.u_top_assert._cover_18" was covered in 1 cycles in 0.12 s.
INFO (IPF047): 0.0.Ht: The cover property "single_cycle_top.rf.u_regfile_assert._assert_4:precondition1" was covered in 1 cycles in 0.12 s.
INFO (IPF047): 0.0.Ht: The cover property "single_cycle_top.rf.u_regfile_assert._cover_17" was covered in 1 cycles in 0.12 s.
INFO (IPF047): 0.0.Ht: The cover property "single_cycle_top.u_top_assert._cover_13" was covered in 1 cycles in 0.12 s.
0.0.Hp: A proof was found: No trace exists. [0.26 s]
INFO (IPF057): 0.0.Hp: The property "single_cycle_top.aluctrl.u_alu_ctrl_assert.a_aluctrl_R_SLT" was proven in 0.26 s.
0.0.Hp: A proof was found: No trace exists. [0.26 s]
INFO (IPF057): 0.0.Hp: The property "single_cycle_top.aluctrl.u_alu_ctrl_assert.a_aluctrl_R_SLL" was proven in 0.26 s.
0.0.Hp: A proof was found: No trace exists. [0.26 s]
INFO (IPF057): 0.0.Hp: The property "single_cycle_top.aluctrl.u_alu_ctrl_assert.a_aluctrl_R_SRL" was proven in 0.26 s.
0.0.Hp: A proof was found: No trace exists. [0.26 s]
INFO (IPF057): 0.0.Hp: The property "single_cycle_top.aluctrl.u_alu_ctrl_assert.a_aluctrl_R_SRA" was proven in 0.26 s.
0.0.Hp: A proof was found: No trace exists. [0.26 s]
INFO (IPF057): 0.0.Hp: The property "single_cycle_top.aluctrl.u_alu_ctrl_assert.a_aluctrl_R_SLTU" was proven in 0.26 s.
0.0.Hp: A proof was found: No trace exists. [0.26 s]
INFO (IPF057): 0.0.Hp: The property "single_cycle_top.aluctrl.u_alu_ctrl_assert.a_aluctrl_ADDI" was proven in 0.26 s.
0.0.Hp: A proof was found: No trace exists. [0.26 s]
INFO (IPF057): 0.0.Hp: The property "single_cycle_top.aluctrl.u_alu_ctrl_assert.a_aluctrl_ANDI" was proven in 0.26 s.
0.0.Hp: A proof was found: No trace exists. [0.26 s]
INFO (IPF057): 0.0.Hp: The property "single_cycle_top.aluctrl.u_alu_ctrl_assert.a_aluctrl_ORI" was proven in 0.26 s.
0.0.Hp: A proof was found: No trace exists. [0.26 s]
INFO (IPF057): 0.0.Hp: The property "single_cycle_top.aluctrl.u_alu_ctrl_assert.a_aluctrl_XORI" was proven in 0.26 s.
0.0.Ht: A trace with 1 cycles was found. [0.14 s]
INFO (IPF047): 0.0.Ht: The cover property "single_cycle_top.rf.u_regfile_assert._assert_7:precondition1" was covered in 1 cycles in 0.16 s.
INFO (IPF047): 0.0.Ht: The cover property "single_cycle_top.rf.u_regfile_assert._cover_18" was covered in 1 cycles in 0.16 s.
0.0.B: Trace Attempt  1	[0.06 s]
0.0.Hp: A proof was found: No trace exists. [0.27 s]
INFO (IPF057): 0.0.Hp: The property "single_cycle_top.aluctrl.u_alu_ctrl_assert.a_aluctrl_SLTI" was proven in 0.30 s.
0.0.Hp: A proof was found: No trace exists. [0.27 s]
INFO (IPF057): 0.0.Hp: The property "single_cycle_top.aluctrl.u_alu_ctrl_assert.a_aluctrl_SLTIU" was proven in 0.30 s.
0.0.Hp: A proof was found: No trace exists. [0.27 s]
INFO (IPF057): 0.0.Hp: The property "single_cycle_top.aluctrl.u_alu_ctrl_assert.a_aluctrl_SLLI" was proven in 0.30 s.
0.0.Hp: A proof was found: No trace exists. [0.27 s]
INFO (IPF057): 0.0.Hp: The property "single_cycle_top.aluctrl.u_alu_ctrl_assert.a_aluctrl_SRLI" was proven in 0.30 s.
0.0.Hp: A proof was found: No trace exists. [0.27 s]
INFO (IPF057): 0.0.Hp: The property "single_cycle_top.aluctrl.u_alu_ctrl_assert.a_aluctrl_SRAI" was proven in 0.30 s.
0.0.Hp: A proof was found: No trace exists. [0.27 s]
INFO (IPF057): 0.0.Hp: The property "single_cycle_top.aluctrl.u_alu_ctrl_assert.a_aluctrl_LOAD" was proven in 0.30 s.
0.0.Hp: A proof was found: No trace exists. [0.27 s]
INFO (IPF057): 0.0.Hp: The property "single_cycle_top.aluctrl.u_alu_ctrl_assert.a_aluctrl_STORE" was proven in 0.30 s.
0.0.Hp: A proof was found: No trace exists. [0.27 s]
INFO (IPF057): 0.0.Hp: The property "single_cycle_top.aluctrl.u_alu_ctrl_assert.a_aluctrl_BRANCH" was proven in 0.30 s.
0.0.Ht: A trace with 1 cycles was found. [0.14 s]
INFO (IPF047): 0.0.Ht: The cover property "single_cycle_top.rf.u_regfile_assert._assert_10:precondition1" was covered in 1 cycles in 0.20 s.
0.0.Ht: A trace with 1 cycles was found. [0.16 s]
INFO (IPF047): 0.0.Ht: The cover property "single_cycle_top.rf.u_regfile_assert._assert_11:precondition1" was covered in 1 cycles in 0.23 s.
0.0.Ht: A trace with 1 cycles was found. [0.17 s]
INFO (IPF047): 0.0.Ht: The cover property "single_cycle_top.dmem.u_dmem_assert._assert_1:precondition1" was covered in 1 cycles in 0.26 s.
INFO (IPF047): 0.0.Ht: The cover property "single_cycle_top.u_top_assert._assert_3:precondition1" was covered in 1 cycles in 0.26 s.
INFO (IPF047): 0.0.Ht: The cover property "single_cycle_top.u_top_assert._assert_11:precondition1" was covered in 1 cycles in 0.26 s.
INFO (IPF047): 0.0.Ht: The cover property "single_cycle_top.dmem.u_dmem_assert._cover_4" was covered in 1 cycles in 0.26 s.
INFO (IPF047): 0.0.Ht: The cover property "single_cycle_top.u_top_assert._cover_16" was covered in 1 cycles in 0.26 s.
0.0.Bm: A trace with 1 cycles was found. [0.15 s]
INFO (IPF047): 0.0.Bm: The cover property "single_cycle_top.u_top_assert._assert_9:precondition1" was covered in 1 cycles in 0.25 s.
INFO (IPF047): 0.0.Bm: The cover property "single_cycle_top.u_top_assert._cover_14" was covered in 1 cycles in 0.25 s.
0: ProofGrid is temporarily paused because there are too many pending traces.
0: ProofGrid is resuming to work after pausing for 0s. The amount of pending traces decreased.
0.0.Mpcustom4: Trace Attempt  1	[0.17 s]
0.0.Mpcustom4: A trace with 1 cycles was found. [0.19 s]
INFO (IPF047): 0.0.Mpcustom4: The cover property "single_cycle_top.dmem.u_dmem_assert._cover_5" was covered in 1 cycles in 0.26 s.
INFO (IPF047): 0.0.Mpcustom4: The cover property "single_cycle_top.u_top_assert._assert_10:precondition1" was covered in 1 cycles in 0.26 s.
INFO (IPF047): 0.0.Mpcustom4: The cover property "single_cycle_top.u_top_assert._assert_6:precondition1" was covered in 1 cycles in 0.26 s.
INFO (IPF047): 0.0.Mpcustom4: The cover property "single_cycle_top.u_top_assert._cover_17" was covered in 1 cycles in 0.26 s.
INFO (IPF047): 0.0.Mpcustom4: The cover property "single_cycle_top.u_top_assert._cover_15" was covered in 1 cycles in 0.26 s.
0.0.Oh: A proof was found: No trace exists. [0.15 s]
INFO (IPF057): 0.0.Oh: The property "single_cycle_top.alu_i.u_alu_assert.a_alu_SLT_RANGE" was proven in 0.31 s.
0.0.Oh: A proof was found: No trace exists. [0.15 s]
INFO (IPF057): 0.0.Oh: The property "single_cycle_top.alu_i.u_alu_assert.a_alu_SLTU_RANGE" was proven in 0.31 s.
0.0.Oh: A proof was found: No trace exists. [0.15 s]
INFO (IPF057): 0.0.Oh: The property "single_cycle_top.dmem.u_dmem_assert._assert_2" was proven in 0.31 s.
0.0.Oh: A proof was found: No trace exists. [0.15 s]
INFO (IPF051): 0.0.Oh: The cover property "single_cycle_top.dmem.u_dmem_assert._cover_6" was proven unreachable in 0.31 s.
0.0.Oh: A proof was found: No trace exists. [0.15 s]
INFO (IPF057): 0.0.Oh: The property "single_cycle_top.u_top_assert._assert_8" was proven in 0.31 s.
0.0.Oh: A proof was found: No trace exists. [0.15 s]
INFO (IPF057): 0.0.Oh: The property "single_cycle_top.u_top_assert._assert_9" was proven in 0.31 s.
0.0.Oh: A proof was found: No trace exists. [0.15 s]
INFO (IPF057): 0.0.Oh: The property "single_cycle_top.u_top_assert._assert_10" was proven in 0.31 s.
0.0.Oh: A proof was found: No trace exists. [0.15 s]
INFO (IPF057): 0.0.Oh: The property "single_cycle_top.u_top_assert._assert_11" was proven in 0.31 s.
0.0.Oh: A proof was found: No trace exists. [0.00 s]
INFO (IPF057): 0.0.Oh: The property "single_cycle_top.u_top_assert._assert_12" was proven in 0.31 s.
0.0.L: Trace Attempt  3	[0.18 s]
0.0.B: Trace Attempt  2	[0.20 s]
0.0.Hp: A proof was found: No trace exists. [0.32 s]
INFO (IPF057): 0.0.Hp: The property "single_cycle_top.alu_i.u_alu_assert.a_alu_ADD" was proven in 0.48 s.
0.0.Hp: A proof was found: No trace exists. [0.36 s]
INFO (IPF057): 0.0.Hp: The property "single_cycle_top.alu_i.u_alu_assert.a_alu_SUB" was proven in 0.48 s.
0.0.Hp: A proof was found: No trace exists. [0.40 s]
INFO (IPF057): 0.0.Hp: The property "single_cycle_top.alu_i.u_alu_assert.a_alu_AND" was proven in 0.48 s.
0.0.Hp: A proof was found: No trace exists. [0.43 s]
INFO (IPF057): 0.0.Hp: The property "single_cycle_top.alu_i.u_alu_assert.a_alu_OR" was proven in 0.48 s.
0.0.Hp: A proof was found: No trace exists. [0.46 s]
INFO (IPF057): 0.0.Hp: The property "single_cycle_top.alu_i.u_alu_assert.a_alu_XOR" was proven in 0.48 s.
0.0.Ht: A trace with 1 cycles was found. [0.22 s]
INFO (IPF047): 0.0.Ht: The cover property "single_cycle_top.dmem.u_dmem_assert._cover_3" was covered in 1 cycles in 0.38 s.
0.0.Hp: A proof was found: No trace exists. [0.46 s]
INFO (IPF057): 0.0.Hp: The property "single_cycle_top.alu_i.u_alu_assert.a_alu_SLT" was proven in 0.52 s.
0.0.Hp: A proof was found: No trace exists. [0.49 s]
INFO (IPF057): 0.0.Hp: The property "single_cycle_top.alu_i.u_alu_assert.a_alu_SLL" was proven in 0.53 s.
0.0.N: Trace Attempt  3	[0.30 s]
0.0.Hp: A proof was found: No trace exists. [0.52 s]
INFO (IPF057): 0.0.Hp: The property "single_cycle_top.alu_i.u_alu_assert.a_alu_SRL" was proven in 0.53 s.
0.0.Ht: Trace Attempt  2	[0.41 s]
0.0.Ht: A trace with 2 cycles was found. [0.42 s]
INFO (IPF047): 0.0.Ht: The cover property "single_cycle_top.rf.u_regfile_assert._assert_3:precondition2" was covered in 2 cycles in 0.44 s.
0.0.N: Trace Attempt  1	[0.36 s]
0.0.Hp: A proof was found: No trace exists. [0.56 s]
INFO (IPF057): 0.0.Hp: The property "single_cycle_top.alu_i.u_alu_assert.a_alu_SRA" was proven in 0.58 s.
0.0.Hp: A proof was found: No trace exists. [0.56 s]
INFO (IPF057): 0.0.Hp: The property "single_cycle_top.alu_i.u_alu_assert.a_alu_SLTU" was proven in 0.58 s.
0.0.Hp: A proof was found: No trace exists. [0.58 s]
INFO (IPF057): 0.0.Hp: The property "single_cycle_top.u_top_assert._assert_3" was proven in 0.58 s.
0.0.Bm: Trace Attempt  2	[0.46 s]
0.0.Hp: A proof was found: No trace exists. [0.62 s]
INFO (IPF057): 0.0.Hp: The property "single_cycle_top.u_top_assert._assert_4" was proven in 0.58 s.
0.0.N: Trace Attempt  2	[0.44 s]
0.0.B: Trace Attempt  3	[0.45 s]
0.0.Hp: A proof was found: No trace exists. [0.66 s]
INFO (IPF057): 0.0.Hp: The property "single_cycle_top.u_top_assert._assert_6" was proven in 0.62 s.
0.0.L: Using states from traces to { single_cycle_top.pc_i.u_pc_assert._cover_6 (2) }
0.0.Hp: A proof was found: No trace exists. [0.69 s]
INFO (IPF057): 0.0.Hp: The property "single_cycle_top.u_top_assert._assert_7" was proven in 0.64 s.
0: ProofGrid usable level: 10
0.0.L: Trace Attempt  3	[0.57 s]
0.0.Bm: A trace with 2 cycles was found. [0.62 s]
INFO (IPF047): 0.0.Bm: The cover property "single_cycle_top.rf.u_regfile_assert._assert_4:precondition2" was covered in 2 cycles in 0.58 s.
0.0.Mpcustom4: Trace Attempt  2	[0.62 s]
0.0.Bm: A trace with 2 cycles was found. [0.66 s]
INFO (IPF047): 0.0.Bm: The cover property "single_cycle_top.rf.u_regfile_assert._cover_21" was covered in 2 cycles in 0.62 s.
0.0.N: Validation of fixpoint was successful. Time = 0.12
0.0.N: A proof was found: No trace exists. [0.71 s]
INFO (IPF057): 0.0.N: The property "single_cycle_top.rf.u_regfile_assert._assert_3" was proven in 0.69 s.
0.0.N: Stopped processing property "single_cycle_top.rf.u_regfile_assert._assert_3"	[0.69 s].
0.0.N: Starting proof for property "single_cycle_top.rf.u_regfile_assert._assert_4"	[0.00 s].
0.0.Oh: bwd trail(1): 1 0.749843s
0.0.N: Trace Attempt  1	[0.02 s]
0.0.Oh: All properties either determined or skipped. [0.80 s]
0.0.N: Trace Attempt  2	[0.02 s]
0: ProofGrid usable level: 7
0.0.L: Using states from traces to { single_cycle_top.rf.u_regfile_assert._assert_3:precondition2 (3) }
0.0.Oh: Exited with Success (@ 0.99 s)
0: ProofGrid usable level: 7
0.0.AM: Stopped processing property "single_cycle_top.rf.u_regfile_assert._assert_3"	[0.72 s].
0.0.AM: Starting proof for property "single_cycle_top.rf.u_regfile_assert._assert_4"	[0.00 s].
0.0.AM: Trace Attempt  1	[0.01 s]
0.0.AM: Trace Attempt  2	[0.02 s]
0.0.N: Trace Attempt  2	[0.07 s]
0.0.Bm: A trace with 2 cycles was found. [0.83 s]
INFO (IPF047): 0.0.Bm: The cover property "single_cycle_top.dmem.u_dmem_assert._assert_1:precondition2" was covered in 2 cycles in 0.79 s.
0.0.B: Stopped processing property "single_cycle_top.rf.u_regfile_assert._assert_3"	[0.81 s].
0.0.B: Starting proof for property "single_cycle_top.rf.u_regfile_assert._assert_4"	[0.00 s].
0.0.L: Trace Attempt  3	[0.85 s]
0.0.B: Trace Attempt  1	[0.04 s]
0.0.Bm: Trace Attempt  3	[0.93 s]
0.0.B: Trace Attempt  2	[0.17 s]
0.0.L: Using states from traces to { single_cycle_top.rf.u_regfile_assert._cover_21 (4) }
0.0.Ht: Trace Attempt  3	[1.13 s]
0.0.L: Trace Attempt  3	[1.09 s]
0.0.N: Trace Attempt  3	[0.45 s]
0.0.B: Trace Attempt  3	[0.39 s]
0.0.L: Using states from traces to { single_cycle_top.dmem.u_dmem_assert._assert_1:precondition2 (5) }
0.0.N: Trace Attempt  1	[0.56 s]
0.0.L: Trace Attempt  3	[1.34 s]
0.0.N: Trace Attempt  2	[0.72 s]
0: ProofGrid usable level: 6
0.0.B: Trace Attempt  4	[0.78 s]
0.0.N: Validation of fixpoint was successful. Time = 0.08
0.0.N: A proof was found: No trace exists. [0.96 s]
INFO (IPF057): 0.0.N: The property "single_cycle_top.rf.u_regfile_assert._assert_4" was proven in 0.96 s.
0.0.N: Stopped processing property "single_cycle_top.rf.u_regfile_assert._assert_4"	[0.96 s].
0.0.N: Starting proof for property "single_cycle_top.rf.u_regfile_assert._assert_8"	[0.00 s].
0.0.N: Starting proof for property "single_cycle_top.rf.u_regfile_assert._assert_12"	[0.00 s].
0.0.N: Trace Attempt  1	[0.02 s]
0.0.N: Trace Attempt  2	[0.02 s]
0.0.AM: Stopped processing property "single_cycle_top.rf.u_regfile_assert._assert_4"	[0.96 s].
0.0.AM: Starting proof for property "single_cycle_top.rf.u_regfile_assert._assert_8"	[0.00 s].
0.0.AM: Starting proof for property "single_cycle_top.rf.u_regfile_assert._assert_12"	[0.00 s].
0.0.AM: Trace Attempt  1	[0.01 s]
0.0.N: Trace Attempt  2	[0.06 s]
0.0.AM: Trace Attempt  2	[0.04 s]
0.0.B: Stopped processing property "single_cycle_top.rf.u_regfile_assert._assert_4"	[0.95 s].
0.0.B: Starting proof for property "single_cycle_top.rf.u_regfile_assert._assert_8"	[0.00 s].
0.0.B: Starting proof for property "single_cycle_top.rf.u_regfile_assert._assert_12"	[0.00 s].
0.0.AM: Trace Attempt  3	[0.09 s]
0.0.N: Trace Attempt  3	[0.15 s]
0.0.B: Trace Attempt  1	[0.06 s]
0.0.AM: Trace Attempt  4	[0.13 s]
0.0.N: Trace Attempt  4	[0.20 s]
0.0.N: Trace Attempt  5	[0.23 s]
0.0.AM: Trace Attempt  1	[0.26 s]
0.0.B: Trace Attempt  2	[0.22 s]
0.0.L: Trace Attempt  4	[2.10 s]
0.0.B: Trace Attempt  3	[0.37 s]
0.0.N: Trace Attempt  1	[0.55 s]
0.0.AM: Trace Attempt  2	[0.52 s]
0.0.B: Trace Attempt  4	[0.53 s]
0.0.N: Trace Attempt  2	[0.66 s]
0.0.N: Validation of fixpoint was successful. Time = 0.03
0.0.N: A proof was found: No trace exists. [0.73 s]
INFO (IPF057): 0.0.N: The property "single_cycle_top.rf.u_regfile_assert._assert_8" was proven in 0.73 s.
0.0.N: A proof was found: No trace exists. [0.00 s]
INFO (IPF057): 0.0.N: The property "single_cycle_top.rf.u_regfile_assert._assert_12" was proven in 0.73 s.
0.0.N: Stopped processing property "single_cycle_top.rf.u_regfile_assert._assert_8"	[0.73 s].
0.0.N: Stopped processing property "single_cycle_top.rf.u_regfile_assert._assert_12"	[0.73 s].
0.0.N: Starting proof for property "single_cycle_top.rf.u_regfile_assert._assert_9"	[0.00 s].
0.0.N: Starting proof for property "single_cycle_top.rf.u_regfile_assert._assert_13"	[0.00 s].
0.0.N: Trace Attempt  1	[0.01 s]
0.0.N: Trace Attempt  2	[0.02 s]
0.0.N: Trace Attempt  2	[0.05 s]
0.0.AM: Stopped processing property "single_cycle_top.rf.u_regfile_assert._assert_8"	[0.76 s].
0.0.AM: Stopped processing property "single_cycle_top.rf.u_regfile_assert._assert_12"	[0.76 s].
0.0.AM: Starting proof for property "single_cycle_top.rf.u_regfile_assert._assert_9"	[0.00 s].
0.0.AM: Starting proof for property "single_cycle_top.rf.u_regfile_assert._assert_13"	[0.00 s].
0.0.AM: Trace Attempt  1	[0.01 s]
0.0.B: Trace Attempt  5	[0.71 s]
0.0.AM: Trace Attempt  2	[0.04 s]
0.0.N: Trace Attempt  3	[0.13 s]
0.0.AM: Trace Attempt  3	[0.08 s]
0: ProofGrid usable level: 4
0.0.AM: Trace Attempt  4	[0.12 s]
0.0.N: Trace Attempt  4	[0.18 s]
0.0.N: Trace Attempt  5	[0.21 s]
0.0.B: Stopped processing property "single_cycle_top.rf.u_regfile_assert._assert_8"	[0.89 s].
0.0.B: Stopped processing property "single_cycle_top.rf.u_regfile_assert._assert_12"	[0.89 s].
0.0.B: Starting proof for property "single_cycle_top.rf.u_regfile_assert._assert_9"	[0.00 s].
0.0.B: Starting proof for property "single_cycle_top.rf.u_regfile_assert._assert_13"	[0.00 s].
0.0.AM: Trace Attempt  1	[0.22 s]
0.0.B: Trace Attempt  1	[0.05 s]
0.0.B: Trace Attempt  2	[0.17 s]
0.0.N: Trace Attempt  1	[0.53 s]
0.0.B: Trace Attempt  3	[0.28 s]
0.0.AM: Trace Attempt  2	[0.49 s]
0.0.B: Trace Attempt  4	[0.41 s]
0.0.N: Trace Attempt  2	[0.70 s]
0.0.N: Validation of fixpoint was successful. Time = 0.06
0.0.N: A proof was found: No trace exists. [0.79 s]
INFO (IPF057): 0.0.N: The property "single_cycle_top.rf.u_regfile_assert._assert_9" was proven in 0.79 s.
0.0.N: A proof was found: No trace exists. [0.00 s]
INFO (IPF057): 0.0.N: The property "single_cycle_top.rf.u_regfile_assert._assert_13" was proven in 0.80 s.
0.0.N: Stopped processing property "single_cycle_top.rf.u_regfile_assert._assert_9"	[0.80 s].
0.0.N: Stopped processing property "single_cycle_top.rf.u_regfile_assert._assert_13"	[0.80 s].
0.0.N: Starting proof for property "single_cycle_top.rf.u_regfile_assert._assert_10"	[0.00 s].
0.0.N: Trace Attempt  1	[0.01 s]
0.0.N: Trace Attempt  2	[0.02 s]
0.0.N: Trace Attempt  2	[0.06 s]
0.0.B: Trace Attempt  5	[0.59 s]
0.0.AM: Stopped processing property "single_cycle_top.rf.u_regfile_assert._assert_9"	[0.80 s].
0.0.AM: Stopped processing property "single_cycle_top.rf.u_regfile_assert._assert_13"	[0.80 s].
0.0.AM: Starting proof for property "single_cycle_top.rf.u_regfile_assert._assert_10"	[0.00 s].
0.0.AM: Trace Attempt  1	[0.01 s]
0.0.AM: Trace Attempt  2	[0.05 s]
0.0.N: Trace Attempt  3	[0.12 s]
0.0.AM: Trace Attempt  3	[0.10 s]
0.0.N: Trace Attempt  4	[0.18 s]
0.0.N: Trace Attempt  5	[0.21 s]
0.0.AM: Trace Attempt  4	[0.17 s]
0.0.B: Stopped processing property "single_cycle_top.rf.u_regfile_assert._assert_9"	[0.77 s].
0.0.B: Stopped processing property "single_cycle_top.rf.u_regfile_assert._assert_13"	[0.77 s].
0.0.B: Starting proof for property "single_cycle_top.rf.u_regfile_assert._assert_10"	[0.00 s].
0.0.B: Trace Attempt  1	[0.05 s]
0.0.AM: Trace Attempt  1	[0.24 s]
0.0.N: Trace Attempt  1	[0.33 s]
0: ProofGrid usable level: 3
0.0.N: Trace Attempt  2	[0.43 s]
0.0.B: Trace Attempt  2	[0.21 s]
0.0.N: Validation of fixpoint was successful. Time = 0.02
0.0.N: A proof was found: No trace exists. [0.49 s]
INFO (IPF057): 0.0.N: The property "single_cycle_top.rf.u_regfile_assert._assert_10" was proven in 0.49 s.
0.0.N: Stopped processing property "single_cycle_top.rf.u_regfile_assert._assert_10"	[0.49 s].
0.0.N: Starting proof for property "single_cycle_top.rf.u_regfile_assert._assert_11"	[0.00 s].
0.0.N: Trace Attempt  1	[0.01 s]
0.0.N: Trace Attempt  2	[0.01 s]
0.0.N: Trace Attempt  2	[0.05 s]
0.0.B: Stopped processing property "single_cycle_top.rf.u_regfile_assert._assert_10"	[0.33 s].
0.0.B: Starting proof for property "single_cycle_top.rf.u_regfile_assert._assert_11"	[0.00 s].
0.0.N: Trace Attempt  3	[0.09 s]
0.0.AM: Trace Attempt  2	[0.53 s]
0.0.N: Trace Attempt  4	[0.13 s]
0.0.B: Trace Attempt  1	[0.06 s]
0.0.N: Trace Attempt  5	[0.14 s]
0.0.AM: Stopped processing property "single_cycle_top.rf.u_regfile_assert._assert_10"	[0.59 s].
0.0.AM: Starting proof for property "single_cycle_top.rf.u_regfile_assert._assert_11"	[0.00 s].
0.0.AM: Trace Attempt  1	[0.02 s]
0.0.AM: Trace Attempt  2	[0.07 s]
0.0.B: Trace Attempt  2	[0.19 s]
0.0.AM: Trace Attempt  3	[0.13 s]
0.0.N: Trace Attempt  1	[0.29 s]
0.0.Mpcustom4: A proof was found: No trace exists. [0.00 s]
INFO (IPF057): 0.0.Mpcustom4: The property "single_cycle_top.rf.u_regfile_assert._assert_11" was proven in 3.96 s.
0.0.AM: Trace Attempt  4	[0.18 s]
0.0.B: Stopped processing property "single_cycle_top.rf.u_regfile_assert._assert_11"	[0.27 s].
0.0.B: Last scan. Per property time limit: 0s
0.0.B: Starting proof for property "single_cycle_top.dmem.u_dmem_assert._assert_1"	[0.00 s].
0.0.N: Trace Attempt  2	[0.38 s]
0.0.AM: Stopped processing property "single_cycle_top.rf.u_regfile_assert._assert_11"	[0.22 s].
0.0.AM: Last scan. Per property time limit: 0s
0.0.AM: Starting proof for property "single_cycle_top.dmem.u_dmem_assert._assert_1"	[0.00 s].
0.0.N: Stopped processing property "single_cycle_top.rf.u_regfile_assert._assert_11"	[0.39 s].
0.0.N: Last scan. Per property time limit: 0s
0.0.N: Starting proof for property "single_cycle_top.dmem.u_dmem_assert._assert_1"	[0.00 s].
0.0.B: Trace Attempt  1	[0.04 s]
0.0.N: Trace Attempt  1	[0.02 s]
0.0.Mpcustom4: Trace Attempt  3	[4.14 s]
0.0.N: Trace Attempt  2	[0.04 s]
0.0.AM: Trace Attempt  1	[0.05 s]
0.0.N: Trace Attempt  2	[0.08 s]
0.0.B: Trace Attempt  2	[0.13 s]
0.0.AM: Trace Attempt  2	[0.15 s]
0.0.Mpcustom4: Trace Attempt  3	[4.28 s]
0.0.B: Trace Attempt  3	[0.42 s]
0: ProofGrid usable level: 1
0.0.N: Trace Attempt  3	[0.53 s]
0.0.Bm: Trace Attempt  4	[4.73 s]
0.0.N: Trace Attempt  1	[0.67 s]
0.0.N: Trace Attempt  2	[0.85 s]
0.0.Mpcustom4: Trace Attempt  3	[5.17 s]
0.0.N: Requesting engine job to terminate
0.0.B: Requesting engine job to terminate
0.0.AM: Requesting engine job to terminate
0.0.Hp: Requesting engine job to terminate
0.0.Ht: Requesting engine job to terminate
0.0.Bm: Requesting engine job to terminate
0.0.Mpcustom4: Requesting engine job to terminate
0.0.L: Requesting engine job to terminate
INFO (IPF144): 0: Initiating shutdown of proof [5.60 s]
0.0.Hp: A proof was found: No trace exists. [5.55 s]
INFO (IPF057): 0.0.Hp: The property "single_cycle_top.dmem.u_dmem_assert._assert_1" was proven in 5.50 s.
0.0.Hp: All properties determined. [5.55 s]
0.0.Ht: Interrupted (multi)
0.0.Ht: All properties determined. [5.43 s]
0.0.Ht: Exited with Success (@ 5.63 s)
0: ProofGrid usable level: 0
0.0.L: All properties determined. [5.41 s]
0.0.AM: Stopped processing property "single_cycle_top.dmem.u_dmem_assert._assert_1"	[1.30 s].
0.0.L: Exited with Success (@ 5.64 s)
0.0.AM: All properties determined. [1.32 s]
0.0.N: Stopped processing property "single_cycle_top.dmem.u_dmem_assert._assert_1"	[1.32 s].
0.0.AM: Exited with Success (@ 5.66 s)
0.0.Hp: Exited with Success (@ 5.67 s)
0.0.B: Stopped processing property "single_cycle_top.dmem.u_dmem_assert._assert_1"	[1.37 s].
0.0.N: All properties determined. [1.34 s]
0.0.N: Exited with Success (@ 5.68 s)
0.0.B: All properties determined. [1.38 s]
0.0.B: Exited with Success (@ 5.70 s)
0.0.Bm: All properties determined. [5.50 s]
0.0.Bm: Exited with Success (@ 5.71 s)
0.0.Mpcustom4: All properties determined. [5.56 s]
0.0.Mpcustom4: Exited with Success (@ 5.79 s)
0: --------------------------------------------------------------
ProofGrid Summary (utilization 96.14 %)
--------------------------------------------------------------
     engines started                               :     9
     engine jobs started                           :     9

    Average time in state (seconds)
    ------------------------------------------------------
    Engine  Pending     Running        Dead    Utilization
    ------------------------------------------------------
      N        0.27        5.59        0.00       95.41 %
     Hp        0.27        5.55        0.00       95.38 %
     Ht        0.16        5.42        0.00       97.06 %
     Bm        0.19        5.40        0.00       96.68 %
    Mpcustom4        0.20        5.37        0.00       96.45 %
     Oh        0.16        0.80        0.00       83.24 %
      L        0.19        5.37        0.00       96.67 %
      B        0.17        5.37        0.00       96.86 %
     AM        0.17        5.37        0.00       96.88 %
    all        0.20        4.92        0.00       96.14 %

    Total time in state (seconds)
    -----------------------------------------
            Pending     Running        Dead  
    -----------------------------------------
               1.78       44.25        0.00

    Data read    : 2.74 MiB
    Data written : 12.03 kiB

0: All pending notifications were processed.
INFO (IPF059): 0: Completed proof on task: "<embedded>"

==============================================================
SUMMARY
==============================================================
           Properties Considered              : 140
                 assertions                   : 89
                  - proven                    : 89 (100%)
                  - bounded_proven (user)     : 0 (0%)
                  - bounded_proven (auto)     : 0 (0%)
                  - marked_proven             : 0 (0%)
                  - cex                       : 0 (0%)
                  - ar_cex                    : 0 (0%)
                  - undetermined              : 0 (0%)
                  - unknown                   : 0 (0%)
                  - error                     : 0 (0%)
                 covers                       : 51
                  - unreachable               : 2 (3.92157%)
                  - bounded_unreachable (user): 0 (0%)
                  - covered                   : 49 (96.0784%)
                  - ar_covered                : 0 (0%)
                  - undetermined              : 0 (0%)
                  - unknown                   : 0 (0%)
                  - error                     : 0 (0%)
determined
[<embedded>] % 
[<embedded>] % puts "\n=== Formal verification complete. Session data in formal/sessions/single_cycle/ ==="

=== Formal verification complete. Session data in formal/sessions/single_cycle/ ===
[<embedded>] % exit -force
[<embedded>] % INFO (IPL005): Received request to exit from the console.
INFO (IPL014): Waiting for the Tcl-thread to exit.
INFO: Waiting for proof threads to stop...
INFO: Proof threads stopped.
INFO (IPL018): The peak resident set memory use for this session was 0.440 GB.
INFO (IPL015): The Tcl-thread exited with status 0.
INFO (IPL016): Exiting the analysis session with status 0.
